<html>
<body>
<pre>
<h1>µVision Build Log</h1>
<h2>Project:</h2>
C:\Keil\Labware\Lab15_SpaceInvaders\SpaceInvaders.uvproj
Project File Date:  11/03/2020

<h2>Output:</h2>
Build target 'SpaceInvaders'
compiling Nokia5110.c...
linking...
Program Size: Code=8412 RO-data=21428 RW-data=536 ZI-data=1968  
".\SpaceInvaders.axf" - 0 Error(s), 0 Warning(s).
Load "C:\\Keil\\Labware\\Lab15_SpaceInvaders\\SpaceInvaders.axf" 
Connecting: Mode=JTAG, Speed=1000000Hz
Erase Done.
Programming Done.
Verify OK.
</pre>
</body>
</html>
\Keil\\Labware\\Lab15_SpaceInvaders\\SpaceInvaders.axf" 
Connecting: Mode=JTAG, Speed=1000000Hz
Erase Done.
Programming Done.
Verify OK.
